[0m01:11:08.502314 [debug] [MainThread]: Sending event: {'category': 'dbt', 'action': 'invocation', 'label': 'start', 'context': [<snowplow_tracker.self_describing_json.SelfDescribingJson object at 0x0000014B9F9CB5B0>, <snowplow_tracker.self_describing_json.SelfDescribingJson object at 0x0000014BA21A7550>, <snowplow_tracker.self_describing_json.SelfDescribingJson object at 0x0000014BA21A7370>]}


============================== 01:11:08.509316 | 660155a9-938e-40de-bdf9-adfd43fc012d ==============================
[0m01:11:08.509316 [info ] [MainThread]: Running with dbt=1.12.3
[0m01:11:08.510670 [debug] [MainThread]: running dbt with arguments {'maximum_seed_size_mib': '1', 'no_print': 'None', 'static_parser': 'True', 'warn_error_options': 'WarnErrorOptionsV2(error=[], warn=[], silence=[])', 'version_check': 'True', 'target_path': 'None', 'printer_width': '80', 'write_json': 'True', 'introspect': 'True', 'log_cache_events': 'False', 'empty': 'None', 'cache_selected_only': 'False', 'log_format': 'default', 'debug': 'False', 'fail_fast': 'False', 'profiles_dir': 'C:\\Users\\eknmeeu\\.dbt', 'send_anonymous_usage_stats': 'True', 'quiet': 'False', 'warn_error': 'None', 'partial_parse': 'True', 'invocation_command': 'dbt debug', 'hints_enabled': 'True', 'use_colors': 'True', 'use_experimental_parser': 'False', 'indirect_selection': 'eager', 'log_path': 'logs'}
[0m01:11:08.552588 [info ] [MainThread]: dbt version: 1.12.3
[0m01:11:08.553555 [info ] [MainThread]: python version: 3.10.13
[0m01:11:08.554550 [info ] [MainThread]: python path: C:\PythonEnv\PythonSoftware\3.10.13\python.exe
[0m01:11:08.555549 [info ] [MainThread]: os info: Windows-10-10.0.26200-SP0
[0m01:11:08.629536 [info ] [MainThread]: Using profiles dir at C:\Users\eknmeeu\.dbt
[0m01:11:08.630536 [info ] [MainThread]: Using profiles.yml file at C:\Users\eknmeeu\.dbt\profiles.yml
[0m01:11:08.631646 [info ] [MainThread]: Using dbt_project.yml file at C:\Users\eknmeeu\Downloads\Py_Neeraj\DE_P\dbt_project.yml
[0m01:11:08.632652 [info ] [MainThread]: Configuration:
[0m01:11:08.633652 [info ] [MainThread]:   profiles.yml file [[31mERROR invalid[0m]
[0m01:11:08.634653 [info ] [MainThread]:   dbt_project.yml file [[31mERROR not found[0m]
[0m01:11:08.635652 [info ] [MainThread]: Required dependencies:
[0m01:11:08.636652 [debug] [MainThread]: Executing "git --help"
[0m01:11:08.648167 [info ] [MainThread]:  - git [[31mERROR[0m]

[0m01:11:08.651169 [info ] [MainThread]: Connection test skipped since no profile was found
[0m01:11:08.653171 [info ] [MainThread]: [31m3 checks failed:[0m
[0m01:11:08.654167 [info ] [MainThread]: Could not load dbt_project.yml
Profile loading failed for the following reason:
Runtime Error
  Credentials in profile "dbt_crypto", target "dev" invalid: None is not of type 'string'


[0m01:11:08.655169 [info ] [MainThread]: Project loading failed for the following reason:
 project path <C:\Users\eknmeeu\Downloads\Py_Neeraj\DE_P\dbt_project.yml> not found

[0m01:11:08.657171 [info ] [MainThread]: Error from git --help: Could not find command, ensure it is in the user's PATH and that the user has permissions to run it: "git"

[0m01:11:08.659168 [debug] [MainThread]: Command `dbt debug` failed at 01:11:08.659168 after 0.52 seconds
[0m01:11:08.661168 [debug] [MainThread]: Sending event: {'category': 'dbt', 'action': 'invocation', 'label': 'end', 'context': [<snowplow_tracker.self_describing_json.SelfDescribingJson object at 0x0000014B9F9CB5B0>, <snowplow_tracker.self_describing_json.SelfDescribingJson object at 0x0000014BA21A7640>, <snowplow_tracker.self_describing_json.SelfDescribingJson object at 0x0000014BA2121840>]}
[0m01:11:08.662170 [debug] [MainThread]: Flushing usage events
[0m01:11:09.714788 [debug] [MainThread]: An error was encountered while trying to flush usage events
[0m01:12:22.158565 [debug] [MainThread]: Sending event: {'category': 'dbt', 'action': 'invocation', 'label': 'start', 'context': [<snowplow_tracker.self_describing_json.SelfDescribingJson object at 0x00000171AE39B5E0>, <snowplow_tracker.self_describing_json.SelfDescribingJson object at 0x00000171AFBB7550>, <snowplow_tracker.self_describing_json.SelfDescribingJson object at 0x00000171AFBB7340>]}


============================== 01:12:22.166705 | 648151f1-7218-4bb9-82f7-b01985cc484a ==============================
[0m01:12:22.166705 [info ] [MainThread]: Running with dbt=1.12.3
[0m01:12:22.167705 [debug] [MainThread]: running dbt with arguments {'static_parser': 'True', 'no_print': 'None', 'maximum_seed_size_mib': '1', 'target_path': 'None', 'warn_error_options': 'WarnErrorOptionsV2(error=[], warn=[], silence=[])', 'version_check': 'True', 'printer_width': '80', 'write_json': 'True', 'introspect': 'True', 'log_cache_events': 'False', 'empty': 'None', 'cache_selected_only': 'False', 'fail_fast': 'False', 'debug': 'False', 'log_format': 'default', 'profiles_dir': 'C:\\Users\\YOUR_USERNAME\\.dbt', 'send_anonymous_usage_stats': 'True', 'quiet': 'False', 'warn_error': 'None', 'partial_parse': 'True', 'indirect_selection': 'eager', 'hints_enabled': 'True', 'invocation_command': 'dbt debug --profiles-dir C:\\Users\\YOUR_USERNAME\\.dbt', 'use_experimental_parser': 'False', 'use_colors': 'True', 'log_path': 'logs'}
[0m01:12:22.201519 [info ] [MainThread]: dbt version: 1.12.3
[0m01:12:22.202497 [info ] [MainThread]: python version: 3.10.13
[0m01:12:22.202497 [info ] [MainThread]: python path: C:\PythonEnv\PythonSoftware\3.10.13\python.exe
[0m01:12:22.203501 [info ] [MainThread]: os info: Windows-10-10.0.26200-SP0
[0m01:12:22.204497 [info ] [MainThread]: Using profiles dir at C:\Users\YOUR_USERNAME\.dbt
[0m01:12:22.205497 [info ] [MainThread]: Using profiles.yml file at C:\Users\YOUR_USERNAME\.dbt\profiles.yml
[0m01:12:22.205497 [info ] [MainThread]: Using dbt_project.yml file at C:\Users\eknmeeu\Downloads\Py_Neeraj\DE_P\dbt_project.yml
[0m01:12:22.206499 [info ] [MainThread]: Configuration:
[0m01:12:22.208501 [info ] [MainThread]:   profiles.yml file [[31mERROR not found[0m]
[0m01:12:22.209502 [info ] [MainThread]:   dbt_project.yml file [[31mERROR not found[0m]
[0m01:12:22.210501 [info ] [MainThread]: Required dependencies:
[0m01:12:22.211497 [debug] [MainThread]: Executing "git --help"
[0m01:12:22.222501 [info ] [MainThread]:  - git [[31mERROR[0m]

[0m01:12:22.223497 [info ] [MainThread]: Connection test skipped since no profile was found
[0m01:12:22.225519 [info ] [MainThread]: [31m3 checks failed:[0m
[0m01:12:22.226498 [info ] [MainThread]: dbt looked for a profiles.yml file in C:\Users\YOUR_USERNAME\.dbt\profiles.yml, but did
not find one. For more information on configuring your profile, consult the
documentation:

https://docs.getdbt.com/docs/configure-your-profile


[0m01:12:22.227499 [info ] [MainThread]: Project loading failed for the following reason:
 project path <C:\Users\eknmeeu\Downloads\Py_Neeraj\DE_P\dbt_project.yml> not found

[0m01:12:22.228499 [info ] [MainThread]: Error from git --help: Could not find command, ensure it is in the user's PATH and that the user has permissions to run it: "git"

[0m01:12:22.230498 [debug] [MainThread]: Command `dbt debug` failed at 01:12:22.230498 after 0.45 seconds
[0m01:12:22.232502 [debug] [MainThread]: Sending event: {'category': 'dbt', 'action': 'invocation', 'label': 'end', 'context': [<snowplow_tracker.self_describing_json.SelfDescribingJson object at 0x00000171AE39B5E0>, <snowplow_tracker.self_describing_json.SelfDescribingJson object at 0x00000171AFBB7310>, <snowplow_tracker.self_describing_json.SelfDescribingJson object at 0x00000171AFB7DAB0>]}
[0m01:12:22.233498 [debug] [MainThread]: Flushing usage events
[0m01:12:23.966026 [debug] [MainThread]: An error was encountered while trying to flush usage events
